10.22.4.17 had low hashrate (40.6), NEEDS REBOOT
